----------------------------------------------------------------------------------------------------------------------------------------------------------------------------------
      name:  <unnamed>
       log:  C:\Users\m.callaghan\Documents\GitHub\panel_econ\exam2\stata\exam_2_q3_2_a.log
  log type:  text
 opened on:  17 Nov 2015, 17:33:03

. *@*lstart
. cap gen reg_x_id = regime*id

. local x_inter regime trade_openness gdpgrowth finance id reg_x_id

. xi: quietly xtpcse abs_cagdp `x_inter' i.country2, corr(ar1)
i.country2        _Icountry2_1-59     (naturally coded; _Icountry2_1 omitted)

. est store pcse_fe_inter

. quietly xtpcse abs_cagdp `x_inter', corr(ar1)

. est store pcse_re_inter

. esttab pcse_fe pcse_re pcse_fe_inter pcse_re_inter, drop(_*) mtitle
estimation result pcse_fe not found
r(111);

end of do-file

r(111);

